Maya MMD Tools: Initializing...
MMDShaderNode: Starting initialization
MMDShaderNode: Initialization completed
maya_mmd_tools plugin loaded!
MMD Tools: Plugin loaded successfully.
MMD Tools: userSetup initialized.

 ____________________________________
|             _____                  |
|            / ____|                 |
|  _ __ ___ | |  __  ___  __ _ _ __  |
| | '_ ` _ \| | |_ |/ _ \/ _` | '__| |
| | | | | | | |__| |  __/ (_| | |    |
| |_| |_| |_|\_____|\___|\__,_|_|    |
|____________________________________|


Error: file: C:/Program Files/Autodesk/Maya2024/scripts/startup/initEvaluationManager.mel line 82: Plug-in, "cacheEvaluator", was not found on MAYA_PLUG_IN_PATH.
Maya standalone environment initialized for test discovery
Discovering 'unit' tests in 'F:\Develop\maya_mmd_tools\tests\unit'...
Running 185 test(s)...
test_application_state.TestApplicationState.test_clear_cache 
 キャッシュクリアのテスト ... mmd_tools.ui.application_state : INFO : Current model changed: None -> cache_clear_test_root
ok
OK
test_application_state.TestApplicationState.test_current_model_root_setter 
 current_model_rootセッターのテスト ... mmd_tools.ui.application_state : INFO : Current model changed: None -> test_model_root
ok
OK
test_application_state.TestApplicationState.test_current_model_root_setter_with_non_existent_model 
 存在しないモデルを設定した場合 ... mmd_tools.ui.application_state : WARNING : Model root 'non_existent_model' does not exist
ok
OK
test_application_state.TestApplicationState.test_emit_progress 
 進捗送信のテスト ... ok
OK
test_application_state.TestApplicationState.test_emit_status 
 ステータスメッセージ送信のテスト ... ok
OK
test_application_state.TestApplicationState.test_get_model_info 
 モデル情報取得のテスト ... mmd_tools.ui.application_state : INFO : Current model changed: None -> info_test_model_root
ok
OK
test_application_state.TestApplicationState.test_get_model_info_with_cache 
 キャッシュ機能のテスト ... mmd_tools.ui.application_state : INFO : Current model changed: None -> cache_test_model_root
ok
OK
test_application_state.TestApplicationState.test_initialization 
 初期化のテスト ... ok
OK
test_application_state.TestApplicationState.test_model_info_with_blend_shapes 
 ブレンドシェイプ（モーフ）情報のテスト ... mmd_tools.ui.application_state : INFO : Current model changed: None -> morph_test_model_root
ok
OK
test_application_state.TestApplicationState.test_model_info_with_materials 
 マテリアル情報を含むモデル情報のテスト ... mmd_tools.ui.application_state : INFO : Current model changed: None -> material_test_model_root
ok
OK
test_application_state.TestApplicationState.test_refresh_model_list 
 モデルリスト更新のテスト ... mmd_tools.ui.application_state : INFO : Model list updated: 2 models found
mmd_tools.ui.application_state : INFO : Current model changed: None -> model1_root
ok
OK
test_application_state.TestApplicationState.test_refresh_model_list_auto_select_first 
 モデルリスト更新時の自動選択テスト ... mmd_tools.ui.application_state : INFO : Model list updated: 2 models found
mmd_tools.ui.application_state : INFO : Current model changed: None -> model1_root
ok
OK
test_application_state.TestApplicationState.test_refresh_model_list_clear_invalid_current 
 無効な現在のモデルがクリアされるテスト ... mmd_tools.ui.application_state : INFO : Current model changed: None -> temp_model_root
mmd_tools.ui.application_state : WARNING : Current model 'temp_model_root' no longer exists
mmd_tools.ui.application_state : INFO : Current model changed: temp_model_root -> None
ok
OK
test_application_state.TestApplicationState.test_select_model_from_maya_selection 
 Maya選択からモデルを選択するテスト ... mmd_tools.ui.application_state : INFO : Model list updated: 1 models found
mmd_tools.ui.application_state : INFO : Current model changed: None -> selected_model_root
mmd_tools.ui.application_state : INFO : Current model changed: selected_model_root -> other_model_root
mmd_tools.ui.application_state : INFO : Current model changed: other_model_root -> selected_model_root
ok
OK
test_application_state.TestApplicationState.test_select_model_from_maya_selection_no_selection 
 何も選択されていない場合 ... ok
OK
test_bone_converter.TestBoneConverterMaya.test_convert_pmx_bones_integration 
 PMXボーン変換の統合テスト（実際のMaya環境） ... ok
OK
test_bone_converter.TestBoneConverterMaya.test_create_bone_mapping_duplicate_names 
 重複する名前のボーンマッピングのテスト ... ok
OK
test_bone_converter.TestBoneConverterMaya.test_create_bone_mapping_simple 
 シンプルなボーン名マッピングのテスト ... ok
OK
test_bone_converter.TestBoneConverterMaya.test_create_maya_joints_hierarchy 
 ジョイント階層作成のテスト（実際のMaya環境） ... ok
OK
test_bone_converter.TestBoneConverterMaya.test_create_skin_cluster 
 スキンクラスター作成のテスト（実際のMaya環境） ... ok
OK
test_bone_converter.TestBoneConverterMaya.test_get_pmx_vertex_weights_bdef1 
 BDEF1ウェイトの取得テスト ... ok
OK
test_bone_converter.TestBoneConverterMaya.test_get_pmx_vertex_weights_bdef2 
 BDEF2ウェイトの取得テスト ... ok
OK
test_bone_converter.TestBoneConverterMaya.test_get_pmx_vertex_weights_bdef4 
 BDEF4ウェイトの取得テスト ... ok
OK
test_bone_converter.TestBoneConverterMaya.test_set_extra_attributes_pmx 
 PMXボーンのカスタムアトリビュート設定テスト ... ok
OK
test_bone_presenter.TestBonePresenter.test_add_ik_link 
 IKリンク追加のテスト ... Running unit tests with Maya 2024...
Command: C:\Program Files\Autodesk\Maya2024\bin\mayapy.exe F:\Develop\maya_mmd_tools\tests\maya_test_runner.py --type unit
テストの実行に失敗しました: Command '['C:\\Program Files\\Autodesk\\Maya2024\\bin\\mayapy.exe', 'F:\\Develop\\maya_mmd_tools\\tests\\maya_test_runner.py', '--type', 'unit']' returned non-zero exit status 3221226505.
